This is pdfTeX, Version 3.141592653-2.6-1.40.25 (TeX Live 2023/Debian) (preloaded format=pdflatex 2026.1.30)  30 JAN 2026 13:18
entering extended mode
 restricted \write18 enabled.
 %&-line parsing enabled.
**bioscara.tex
(./bioscara.tex
LaTeX2e <2023-11-01> patch level 1
L3 programming layer <2024-01-22>
(./sphinxmanual.cls
Document Class: sphinxmanual 2019/12/01 v2.3.0 Document class (Sphinx manual)
(/usr/share/texlive/texmf-dist/tex/latex/base/report.cls
Document Class: report 2023/05/17 v1.4n Standard LaTeX document class
(/usr/share/texlive/texmf-dist/tex/latex/base/size10.clo
File: size10.clo 2023/05/17 v1.4n Standard LaTeX file (size option)
)
\c@part=\count187
\c@chapter=\count188
\c@section=\count189
\c@subsection=\count190
\c@subsubsection=\count191
\c@paragraph=\count192
\c@subparagraph=\count193
\c@figure=\count194
\c@table=\count195
\abovecaptionskip=\skip48
\belowcaptionskip=\skip49
\bibindent=\dimen140
)
LaTeX Info: Redefining \and on input line 35.
)
\sphinxremdimen=\dimen141

(/usr/share/texlive/texmf-dist/tex/latex/base/inputenc.sty
Package: inputenc 2021/02/14 v1.3d Input encoding file
\inpenc@prehook=\toks17
\inpenc@posthook=\toks18
)
   defining Unicode char U+00A0 (decimal 160)
   defining Unicode char U+2500 (decimal 9472)
   defining Unicode char U+2502 (decimal 9474)
   defining Unicode char U+2514 (decimal 9492)
   defining Unicode char U+251C (decimal 9500)
   defining Unicode char U+2572 (decimal 9586)

(/usr/share/texlive/texmf-dist/tex/latex/cmap/cmap.sty
Package: cmap 2021/02/06 v1.0j CMap support: searchable PDF
)
(/usr/share/texlive/texmf-dist/tex/latex/base/fontenc.sty
Package: fontenc 2021/04/29 v2.0v Standard LaTeX package
<<t1.cmap>>)
(/usr/share/texlive/texmf-dist/tex/latex/amsmath/amsmath.sty
Package: amsmath 2023/05/13 v2.17o AMS math features
\@mathmargin=\skip50

For additional information on amsmath, use the `?' option.
(/usr/share/texlive/texmf-dist/tex/latex/amsmath/amstext.sty
Package: amstext 2021/08/26 v2.01 AMS text

(/usr/share/texlive/texmf-dist/tex/latex/amsmath/amsgen.sty
File: amsgen.sty 1999/11/30 v2.0 generic functions
\@emptytoks=\toks19
\ex@=\dimen142
))
(/usr/share/texlive/texmf-dist/tex/latex/amsmath/amsbsy.sty
Package: amsbsy 1999/11/29 v1.2d Bold Symbols
\pmbraise@=\dimen143
)
(/usr/share/texlive/texmf-dist/tex/latex/amsmath/amsopn.sty
Package: amsopn 2022/04/08 v2.04 operator names
)
\inf@bad=\count196
LaTeX Info: Redefining \frac on input line 234.
\uproot@=\count197
\leftroot@=\count198
LaTeX Info: Redefining \overline on input line 399.
LaTeX Info: Redefining \colon on input line 410.
\classnum@=\count199
\DOTSCASE@=\count266
LaTeX Info: Redefining \ldots on input line 496.
LaTeX Info: Redefining \dots on input line 499.
LaTeX Info: Redefining \cdots on input line 620.
\Mathstrutbox@=\box51
\strutbox@=\box52
LaTeX Info: Redefining \big on input line 722.
LaTeX Info: Redefining \Big on input line 723.
LaTeX Info: Redefining \bigg on input line 724.
LaTeX Info: Redefining \Bigg on input line 725.
\big@size=\dimen144
LaTeX Font Info:    Redeclaring font encoding OML on input line 743.
LaTeX Font Info:    Redeclaring font encoding OMS on input line 744.
\macc@depth=\count267
LaTeX Info: Redefining \bmod on input line 905.
LaTeX Info: Redefining \pmod on input line 910.
LaTeX Info: Redefining \smash on input line 940.
LaTeX Info: Redefining \relbar on input line 970.
LaTeX Info: Redefining \Relbar on input line 971.
\c@MaxMatrixCols=\count268
\dotsspace@=\muskip16
\c@parentequation=\count269
\dspbrk@lvl=\count270
\tag@help=\toks20
\row@=\count271
\column@=\count272
\maxfields@=\count273
\andhelp@=\toks21
\eqnshift@=\dimen145
\alignsep@=\dimen146
\tagshift@=\dimen147
\tagwidth@=\dimen148
\totwidth@=\dimen149
\lineht@=\dimen150
\@envbody=\toks22
\multlinegap=\skip51
\multlinetaggap=\skip52
\mathdisplay@stack=\toks23
LaTeX Info: Redefining \[ on input line 2953.
LaTeX Info: Redefining \] on input line 2954.
)
(/usr/share/texlive/texmf-dist/tex/latex/amsfonts/amssymb.sty
Package: amssymb 2013/01/14 v3.01 AMS font symbols

(/usr/share/texlive/texmf-dist/tex/latex/amsfonts/amsfonts.sty
Package: amsfonts 2013/01/14 v3.01 Basic AMSFonts support
\symAMSa=\mathgroup4
\symAMSb=\mathgroup5
LaTeX Font Info:    Redeclaring math symbol \hbar on input line 98.
LaTeX Font Info:    Overwriting math alphabet `\mathfrak' in version `bold'
(Font)                  U/euf/m/n --> U/euf/b/n on input line 106.
))
(/usr/share/texlive/texmf-dist/tex/generic/babel/babel.sty
Package: babel 2024/01/07 v24.1 The Babel package
\babel@savecnt=\count274
\U@D=\dimen151
\l@unhyphenated=\language5

(/usr/share/texlive/texmf-dist/tex/generic/babel/txtbabel.def)
\bbl@readstream=\read2
\bbl@dirlevel=\count275

(/usr/share/texlive/texmf-dist/tex/generic/babel-english/english.ldf
Language: english 2017/06/06 v3.3r English support from the babel system
Package babel Info: Hyphen rules for 'british' set to \l@english
(babel)             (\language0). Reported on input line 82.
Package babel Info: Hyphen rules for 'UKenglish' set to \l@english
(babel)             (\language0). Reported on input line 83.
Package babel Info: Hyphen rules for 'canadian' set to \l@english
(babel)             (\language0). Reported on input line 102.
Package babel Info: Hyphen rules for 'australian' set to \l@english
(babel)             (\language0). Reported on input line 105.
Package babel Info: Hyphen rules for 'newzealand' set to \l@english
(babel)             (\language0). Reported on input line 108.
))
(/usr/share/texlive/texmf-dist/tex/generic/babel/locale/en/babel-english.tex
Package babel Info: Importing font and identification data for english
(babel)             from babel-en.ini. Reported on input line 11.
)
(/usr/share/texmf/tex/latex/tex-gyre/tgtermes.sty
Package: tgtermes 2009/09/27 v1.2 TeX Gyre Termes as default roman family

(/usr/share/texlive/texmf-dist/tex/latex/kvoptions/kvoptions.sty
Package: kvoptions 2022-06-15 v3.15 Key value format for package options (HO)

(/usr/share/texlive/texmf-dist/tex/latex/graphics/keyval.sty
Package: keyval 2022/05/29 v1.15 key=value parser (DPC)
\KV@toks@=\toks24
)
(/usr/share/texlive/texmf-dist/tex/generic/ltxcmds/ltxcmds.sty
Package: ltxcmds 2023-12-04 v1.26 LaTeX kernel commands for general use (HO)
)
(/usr/share/texlive/texmf-dist/tex/latex/kvsetkeys/kvsetkeys.sty
Package: kvsetkeys 2022-10-05 v1.19 Key value parser (HO)
)))
(/usr/share/texmf/tex/latex/tex-gyre/tgheros.sty
Package: tgheros 2009/09/27 v1.2 TeX Gyre Heros as default sans serif family
)
(/usr/share/texlive/texmf-dist/tex/latex/fncychap/fncychap.sty
Package: fncychap 2007/07/30 v1.34 LaTeX package (Revised chapters)
\RW=\skip53
\mylen=\skip54
\myhi=\skip55
\px=\skip56
\py=\skip57
\pyy=\skip58
\pxx=\skip59
\c@AlphaCnt=\count276
\c@AlphaDecCnt=\count277
) (./sphinx.sty
Package: sphinx 2025/08/03 v9.0.0 Sphinx LaTeX package (sphinx-doc)

(/usr/share/texlive/texmf-dist/tex/latex/xcolor/xcolor.sty
Package: xcolor 2023/11/15 v3.01 LaTeX color extensions (UK)

(/usr/share/texlive/texmf-dist/tex/latex/graphics-cfg/color.cfg
File: color.cfg 2016/01/02 v1.6 sample color configuration
)
Package xcolor Info: Driver file: pdftex.def on input line 274.

(/usr/share/texlive/texmf-dist/tex/latex/graphics-def/pdftex.def
File: pdftex.def 2022/09/22 v1.2b Graphics/color driver for pdftex
)
(/usr/share/texlive/texmf-dist/tex/latex/graphics/mathcolor.ltx)
Package xcolor Info: Model `cmy' substituted by `cmy0' on input line 1350.
Package xcolor Info: Model `hsb' substituted by `rgb' on input line 1354.
Package xcolor Info: Model `RGB' extended on input line 1366.
Package xcolor Info: Model `HTML' substituted by `rgb' on input line 1368.
Package xcolor Info: Model `Hsb' substituted by `hsb' on input line 1369.
Package xcolor Info: Model `tHsb' substituted by `hsb' on input line 1370.
Package xcolor Info: Model `HSB' substituted by `hsb' on input line 1371.
Package xcolor Info: Model `Gray' substituted by `gray' on input line 1372.
Package xcolor Info: Model `wave' substituted by `hsb' on input line 1373.
)
(./sphinxoptionshyperref.sty
Package: sphinxoptionshyperref 2021/01/27 hyperref
) (./sphinxoptionsgeometry.sty
Package: sphinxoptionsgeometry 2021/01/27 geometry
)
(/usr/share/texlive/texmf-dist/tex/latex/base/textcomp.sty
Package: textcomp 2020/02/02 v2.0n Standard LaTeX package
)
(/usr/share/texlive/texmf-dist/tex/latex/float/float.sty
Package: float 2001/11/08 v1.3d Float enhancements (AL)
\c@float@type=\count278
\float@exts=\toks25
\float@box=\box53
\@float@everytoks=\toks26
\@floatcapt=\box54
)
(/usr/share/texlive/texmf-dist/tex/latex/wrapfig/wrapfig.sty
\wrapoverhang=\dimen152
\WF@size=\dimen153
\c@WF@wrappedlines=\count279
\WF@box=\box55
\WF@everypar=\toks27
Package: wrapfig 2003/01/31  v 3.6
)
(/usr/share/texlive/texmf-dist/tex/latex/capt-of/capt-of.sty
Package: capt-of 2009/12/29 v0.2 standard captions outside of floats
)
(/usr/share/texlive/texmf-dist/tex/latex/tools/multicol.sty
Package: multicol 2023/03/30 v1.9f multicolumn formatting (FMi)
\c@tracingmulticols=\count280
\mult@box=\box56
\multicol@leftmargin=\dimen154
\c@unbalance=\count281
\c@collectmore=\count282
\doublecol@number=\count283
\multicoltolerance=\count284
\multicolpretolerance=\count285
\full@width=\dimen155
\page@free=\dimen156
\premulticols=\dimen157
\postmulticols=\dimen158
\multicolsep=\skip60
\multicolbaselineskip=\skip61
\partial@page=\box57
\last@line=\box58
\mc@boxedresult=\box59
\maxbalancingoverflow=\dimen159
\mult@rightbox=\box60
\mult@grightbox=\box61
\mult@firstbox=\box62
\mult@gfirstbox=\box63
\@tempa=\box64
\@tempa=\box65
\@tempa=\box66
\@tempa=\box67
\@tempa=\box68
\@tempa=\box69
\@tempa=\box70
\@tempa=\box71
\@tempa=\box72
\@tempa=\box73
\@tempa=\box74
\@tempa=\box75
\@tempa=\box76
\@tempa=\box77
\@tempa=\box78
\@tempa=\box79
\@tempa=\box80
\@tempa=\box81
\@tempa=\box82
\@tempa=\box83
\@tempa=\box84
\@tempa=\box85
\@tempa=\box86
\@tempa=\box87
\@tempa=\box88
\@tempa=\box89
\@tempa=\box90
\@tempa=\box91
\@tempa=\box92
\@tempa=\box93
\@tempa=\box94
\@tempa=\box95
\@tempa=\box96
\@tempa=\box97
\@tempa=\box98
\@tempa=\box99
\c@minrows=\count286
\c@columnbadness=\count287
\c@finalcolumnbadness=\count288
\last@try=\dimen160
\multicolovershoot=\dimen161
\multicolundershoot=\dimen162
\mult@nat@firstbox=\box100
\colbreak@box=\box101
\mc@col@check@num=\count289
)
(/usr/share/texlive/texmf-dist/tex/latex/graphics/graphicx.sty
Package: graphicx 2021/09/16 v1.2d Enhanced LaTeX Graphics (DPC,SPQR)

(/usr/share/texlive/texmf-dist/tex/latex/graphics/graphics.sty
Package: graphics 2022/03/10 v1.4e Standard LaTeX Graphics (DPC,SPQR)

(/usr/share/texlive/texmf-dist/tex/latex/graphics/trig.sty
Package: trig 2021/08/11 v1.11 sin cos tan (DPC)
)
(/usr/share/texlive/texmf-dist/tex/latex/graphics-cfg/graphics.cfg
File: graphics.cfg 2016/06/04 v1.11 sample graphics configuration
)
Package graphics Info: Driver file: pdftex.def on input line 107.
)
\Gin@req@height=\dimen163
\Gin@req@width=\dimen164
)
(./sphinxlatexgraphics.sty
Package: sphinxlatexgraphics 2024/08/13 v8.1.0 graphics
\spx@image@maxheight=\dimen165
\spx@image@box=\box102
) (./sphinxpackageboxes.sty
Package: sphinxpackageboxes 2024/07/01 v7.4.0 advanced colored boxes

(/usr/share/texlive/texmf-dist/tex/latex/pict2e/pict2e.sty
Package: pict2e 2020/09/30 v0.4b Improved picture commands (HjG,RN,JT)

(/usr/share/texlive/texmf-dist/tex/latex/pict2e/pict2e.cfg
File: pict2e.cfg 2016/02/05 v0.1u pict2e configuration for teTeX/TeXLive
)
Package pict2e Info: Driver file: pdftex.def on input line 112.
Package pict2e Info: Driver file for pict2e: p2e-pdftex.def on input line 114.

(/usr/share/texlive/texmf-dist/tex/latex/pict2e/p2e-pdftex.def
File: p2e-pdftex.def 2016/02/05 v0.1u Driver-dependant file (RN,HjG,JT)
)
\pIIe@GRAPH=\toks28
\@arclen=\dimen166
\@arcrad=\dimen167
\pIIe@tempdima=\dimen168
\pIIe@tempdimb=\dimen169
\pIIe@tempdimc=\dimen170
\pIIe@tempdimd=\dimen171
\pIIe@tempdime=\dimen172
\pIIe@tempdimf=\dimen173
)
(/usr/share/texlive/texmf-dist/tex/latex/ellipse/ellipse.sty
Package: ellipse 2004/11/05 v1.0 .dtx ellipse file
)
\@tempdimd=\dimen174
\spx@tempboxa=\box103
\spx@tempboxb=\box104
\spx@boxes@border@top=\dimen175
\spx@boxes@border@right=\dimen176
\spx@boxes@border@bottom=\dimen177
\spx@boxes@border@left=\dimen178
\spx@boxes@padding@top=\dimen179
\spx@boxes@padding@right=\dimen180
\spx@boxes@padding@bottom=\dimen181
\spx@boxes@padding@left=\dimen182
\spx@boxes@shadow@xoffset=\dimen183
\spx@boxes@shadow@yoffset=\dimen184
\spx@boxes@radius@topleft@x=\dimen185
\spx@boxes@radius@topright@x=\dimen186
\spx@boxes@radius@bottomright@x=\dimen187
\spx@boxes@radius@bottomleft@x=\dimen188
\spx@boxes@radius@topleft@y=\dimen189
\spx@boxes@radius@topright@y=\dimen190
\spx@boxes@radius@bottomright@y=\dimen191
\spx@boxes@radius@bottomleft@y=\dimen192
)
(./sphinxlatexadmonitions.sty
Package: sphinxlatexadmonitions 2025/10/24 v9.0.0 admonitions

(/usr/share/texlive/texmf-dist/tex/latex/framed/framed.sty
Package: framed 2011/10/22 v 0.96: framed or shaded text with page breaks
\OuterFrameSep=\skip62
\fb@frw=\dimen193
\fb@frh=\dimen194
\FrameRule=\dimen195
\FrameSep=\dimen196
)
(/usr/share/texlive/texmf-dist/tex/latex/needspace/needspace.sty
Package: needspace 2010/09/12 v1.3d reserve vertical space
)
(./sphinxpackagefootnote.sty
Package: sphinxpackagefootnote 2025/11/15 v9.0.0 Sphinx custom footnotehyper pa
ckage (Sphinx team)
\FNH@notes=\box105
\FNH@toks=\toks29
\FNH@width=\dimen197
\c@sphinxfootnotemark=\count290
)
\spx@notice@border=\dimen198
\c@sphinxtodo=\count291
) (./sphinxlatexliterals.sty
Package: sphinxlatexliterals 2025/08/06 v9.0.0 code-blocks and parsed literals

(/usr/share/texlive/texmf-dist/tex/latex/fancyvrb/fancyvrb.sty
Package: fancyvrb 2024/01/20 4.5c verbatim text (tvz,hv)
\FV@CodeLineNo=\count292
\FV@InFile=\read3
\FV@TabBox=\box106
\c@FancyVerbLine=\count293
\FV@StepNumber=\count294
\FV@OutFile=\write3
)
(/usr/share/texlive/texmf-dist/tex/latex/base/alltt.sty
Package: alltt 2021/01/29 v2.0g defines alltt environment
)
(/usr/share/texlive/texmf-dist/tex/latex/upquote/upquote.sty
Package: upquote 2012/04/19 v1.3 upright-quote and grave-accent glyphs in verba
tim
)
\sphinxcontinuationbox=\box107
\sphinxvisiblespacebox=\box108
\sphinxVerbatim@TitleBox=\box109
\sphinxVerbatim@ContentsBox=\box110
)
(./sphinxlatexshadowbox.sty
Package: sphinxlatexshadowbox 2024/07/28 v8.1.0 sphinxShadowBox
) (./sphinxlatexcontainers.sty
Package: sphinxlatexcontainers 2021/05/03 containers
)
(./sphinxhighlight.sty
Package: sphinxhighlight 2022/06/30 stylesheet for highlighting with pygments
) (./sphinxlatextables.sty
Package: sphinxlatextables 2025/06/30 v9.0.0 tables

(/usr/share/texlive/texmf-dist/tex/latex/tabulary/tabulary.sty
Package: tabulary 2014/06/11 v0.10 tabulary package (DPC)

(/usr/share/texlive/texmf-dist/tex/latex/tools/array.sty
Package: array 2023/10/16 v2.5g Tabular extension package (FMi)
\col@sep=\dimen199
\ar@mcellbox=\box111
\extrarowheight=\dimen256
\NC@list=\toks30
\extratabsurround=\skip63
\backup@length=\skip64
\ar@cellbox=\box112
)
\TY@count=\count295
\TY@linewidth=\dimen257
\tymin=\dimen258
\tymax=\dimen259
\TY@tablewidth=\dimen260
)
(/usr/share/texlive/texmf-dist/tex/latex/tools/longtable.sty
Package: longtable 2023-11-01 v4.19 Multi-page Table package (DPC)
\LTleft=\skip65
\LTright=\skip66
\LTpre=\skip67
\LTpost=\skip68
\LTchunksize=\count296
\LTcapwidth=\dimen261
\LT@head=\box113
\LT@firsthead=\box114
\LT@foot=\box115
\LT@lastfoot=\box116
\LT@gbox=\box117
\LT@cols=\count297
\LT@rows=\count298
\c@LT@tables=\count299
\c@LT@chunks=\count300
\LT@p@ftn=\toks31
)
(/usr/share/texlive/texmf-dist/tex/latex/varwidth/varwidth.sty
Package: varwidth 2009/03/30 ver 0.92;  Variable-width minipages
\@vwid@box=\box118
\sift@deathcycles=\count301
\@vwid@loff=\dimen262
\@vwid@roff=\dimen263
)
\sphinx@TY@tablewidth=\dimen264

(/usr/share/texlive/texmf-dist/tex/latex/colortbl/colortbl.sty
Package: colortbl 2022/06/20 v1.0f Color table columns (DPC)
\everycr=\toks32
\minrowclearance=\skip69
\rownum=\count302
)
(/usr/share/texlive/texmf-dist/tex/latex/booktabs/booktabs.sty
Package: booktabs 2020/01/12 v1.61803398 Publication quality tables
\heavyrulewidth=\dimen265
\lightrulewidth=\dimen266
\cmidrulewidth=\dimen267
\belowrulesep=\dimen268
\belowbottomsep=\dimen269
\aboverulesep=\dimen270
\abovetopsep=\dimen271
\cmidrulesep=\dimen272
\cmidrulekern=\dimen273
\defaultaddspace=\dimen274
\@cmidla=\count303
\@cmidlb=\count304
\@aboverulesep=\dimen275
\@belowrulesep=\dimen276
\@thisruleclass=\count305
\@lastruleclass=\count306
\@thisrulewidth=\dimen277
))
(./sphinxlatexnumfig.sty
Package: sphinxlatexnumfig 2024/07/31 v8.1.0 numbering
) (./sphinxlatexlists.sty
Package: sphinxlatexlists 2021/12/20 lists
\spx@lineitemlabel=\toks33
)
\c@sphinxscope=\count307
 (./sphinxlatexindbibtoc.sty
Package: sphinxlatexindbibtoc 2021/01/27 index, bib., toc

(/usr/share/texlive/texmf-dist/tex/latex/base/makeidx.sty
Package: makeidx 2021/10/04 v1.0m Standard LaTeX package
))
(./sphinxlatexstylepage.sty
Package: sphinxlatexstylepage 2021/01/27 page styling

(/usr/share/texlive/texmf-dist/tex/latex/parskip/parskip.sty
Package: parskip 2021-03-14 v2.0h non-zero parskip adjustments

(/usr/share/texlive/texmf-dist/tex/latex/etoolbox/etoolbox.sty
Package: etoolbox 2020/10/05 v2.5k e-TeX tools for LaTeX (JAW)
\etb@tempcnta=\count308
))
(/usr/share/texlive/texmf-dist/tex/latex/fancyhdr/fancyhdr.sty
Package: fancyhdr 2022/11/09 v4.1 Extensive control of page headers and footers

\f@nch@headwidth=\skip70
\f@nch@O@elh=\skip71
\f@nch@O@erh=\skip72
\f@nch@O@olh=\skip73
\f@nch@O@orh=\skip74
\f@nch@O@elf=\skip75
\f@nch@O@erf=\skip76
\f@nch@O@olf=\skip77
\f@nch@O@orf=\skip78
))
(./sphinxlatexstyleheadings.sty
Package: sphinxlatexstyleheadings 2023/02/11 headings

(/usr/share/texlive/texmf-dist/tex/latex/titlesec/titlesec.sty
Package: titlesec 2023/10/27 v2.16 Sectioning titles
\ttl@box=\box119
\beforetitleunit=\skip79
\aftertitleunit=\skip80
\ttl@plus=\dimen278
\ttl@minus=\dimen279
\ttl@toksa=\toks34
\titlewidth=\dimen280
\titlewidthlast=\dimen281
\titlewidthfirst=\dimen282
))
(./sphinxlatexstyletext.sty
Package: sphinxlatexstyletext 2025/05/24 v9.0.0 text styling
) (./sphinxlatexobjects.sty
Package: sphinxlatexobjects 2025/06/06 documentation environments
\sphinxsignaturesep=\skip81
\sphinxsignaturelistskip=\skip82
\py@argswidth=\skip83
\lineblockindentation=\skip84
\DUlineblockindent=\skip85
)
\sphinxvwdimen=\dimen283
\sphinxvhdimen=\dimen284
\sphinxvmindimen=\dimen285
\sphinxvmaxdimen=\dimen286
\sphinxQdimen=\dimen287
)
(/usr/share/texlive/texmf-dist/tex/latex/geometry/geometry.sty
Package: geometry 2020/01/02 v5.9 Page Geometry

(/usr/share/texlive/texmf-dist/tex/generic/iftex/ifvtex.sty
Package: ifvtex 2019/10/25 v1.7 ifvtex legacy package. Use iftex instead.

(/usr/share/texlive/texmf-dist/tex/generic/iftex/iftex.sty
Package: iftex 2022/02/03 v1.0f TeX engine tests
))
\Gm@cnth=\count309
\Gm@cntv=\count310
\c@Gm@tempcnt=\count311
\Gm@bindingoffset=\dimen288
\Gm@wd@mp=\dimen289
\Gm@odd@mp=\dimen290
\Gm@even@mp=\dimen291
\Gm@layoutwidth=\dimen292
\Gm@layoutheight=\dimen293
\Gm@layouthoffset=\dimen294
\Gm@layoutvoffset=\dimen295
\Gm@dimlist=\toks35
)
(/usr/share/texlive/texmf-dist/tex/latex/hyperref/hyperref.sty
Package: hyperref 2024-01-20 v7.01h Hypertext links for LaTeX

(/usr/share/texlive/texmf-dist/tex/generic/kvdefinekeys/kvdefinekeys.sty
Package: kvdefinekeys 2019-12-19 v1.6 Define keys (HO)
)
(/usr/share/texlive/texmf-dist/tex/generic/pdfescape/pdfescape.sty
Package: pdfescape 2019/12/09 v1.15 Implements pdfTeX's escape features (HO)

(/usr/share/texlive/texmf-dist/tex/generic/pdftexcmds/pdftexcmds.sty
Package: pdftexcmds 2020-06-27 v0.33 Utility functions of pdfTeX for LuaTeX (HO
)

(/usr/share/texlive/texmf-dist/tex/generic/infwarerr/infwarerr.sty
Package: infwarerr 2019/12/03 v1.5 Providing info/warning/error messages (HO)
)
Package pdftexcmds Info: \pdf@primitive is available.
Package pdftexcmds Info: \pdf@ifprimitive is available.
Package pdftexcmds Info: \pdfdraftmode found.
))
(/usr/share/texlive/texmf-dist/tex/latex/hycolor/hycolor.sty
Package: hycolor 2020-01-27 v1.10 Color options for hyperref/bookmark (HO)
)
(/usr/share/texlive/texmf-dist/tex/latex/auxhook/auxhook.sty
Package: auxhook 2019-12-17 v1.6 Hooks for auxiliary files (HO)
)
(/usr/share/texlive/texmf-dist/tex/latex/hyperref/nameref.sty
Package: nameref 2023-11-26 v2.56 Cross-referencing by name of section

(/usr/share/texlive/texmf-dist/tex/latex/refcount/refcount.sty
Package: refcount 2019/12/15 v3.6 Data extraction from label references (HO)
)
(/usr/share/texlive/texmf-dist/tex/generic/gettitlestring/gettitlestring.sty
Package: gettitlestring 2019/12/15 v1.6 Cleanup title references (HO)
)
\c@section@level=\count312
)
\@linkdim=\dimen296
\Hy@linkcounter=\count313
\Hy@pagecounter=\count314

(/usr/share/texlive/texmf-dist/tex/latex/hyperref/pd1enc.def
File: pd1enc.def 2024-01-20 v7.01h Hyperref: PDFDocEncoding definition (HO)
Now handling font encoding PD1 ...
... no UTF-8 mapping file for font encoding PD1
)
(/usr/share/texlive/texmf-dist/tex/generic/intcalc/intcalc.sty
Package: intcalc 2019/12/15 v1.3 Expandable calculations with integers (HO)
)
\Hy@SavedSpaceFactor=\count315

(/usr/share/texlive/texmf-dist/tex/latex/hyperref/puenc.def
File: puenc.def 2024-01-20 v7.01h Hyperref: PDF Unicode definition (HO)
Now handling font encoding PU ...
... no UTF-8 mapping file for font encoding PU
)
Package hyperref Info: Option `unicode' set `true' on input line 4062.
Package hyperref Info: Option `colorlinks' set `true' on input line 4062.
Package hyperref Info: Option `breaklinks' set `true' on input line 4062.
Package hyperref Info: Hyper figures OFF on input line 4179.
Package hyperref Info: Link nesting OFF on input line 4184.
Package hyperref Info: Hyper index ON on input line 4187.
Package hyperref Info: Plain pages OFF on input line 4194.
Package hyperref Info: Backreferencing OFF on input line 4199.
Package hyperref Info: Implicit mode ON; LaTeX internals redefined.
Package hyperref Info: Bookmarks ON on input line 4446.
\c@Hy@tempcnt=\count316

(/usr/share/texlive/texmf-dist/tex/latex/url/url.sty
\Urlmuskip=\muskip17
Package: url 2013/09/16  ver 3.4  Verb mode for urls, etc.
)
LaTeX Info: Redefining \url on input line 4784.
\XeTeXLinkMargin=\dimen297

(/usr/share/texlive/texmf-dist/tex/generic/bitset/bitset.sty
Package: bitset 2019/12/09 v1.3 Handle bit-vector datatype (HO)

(/usr/share/texlive/texmf-dist/tex/generic/bigintcalc/bigintcalc.sty
Package: bigintcalc 2019/12/15 v1.5 Expandable calculations on big integers (HO
)
))
\Fld@menulength=\count317
\Field@Width=\dimen298
\Fld@charsize=\dimen299
Package hyperref Info: Hyper figures OFF on input line 6063.
Package hyperref Info: Link nesting OFF on input line 6068.
Package hyperref Info: Hyper index ON on input line 6071.
Package hyperref Info: backreferencing OFF on input line 6078.
Package hyperref Info: Link coloring ON on input line 6081.
Package hyperref Info: Link coloring with OCG OFF on input line 6088.
Package hyperref Info: PDF/A mode OFF on input line 6093.

(/usr/share/texlive/texmf-dist/tex/latex/base/atbegshi-ltx.sty
Package: atbegshi-ltx 2021/01/10 v1.0c Emulation of the original atbegshi
package with kernel methods
)
\Hy@abspage=\count318
\c@Item=\count319
\c@Hfootnote=\count320
)
Package hyperref Info: Driver (autodetected): hpdftex.

(/usr/share/texlive/texmf-dist/tex/latex/hyperref/hpdftex.def
File: hpdftex.def 2024-01-20 v7.01h Hyperref driver for pdfTeX

(/usr/share/texlive/texmf-dist/tex/latex/base/atveryend-ltx.sty
Package: atveryend-ltx 2020/08/19 v1.0a Emulation of the original atveryend pac
kage
with kernel methods
)
\Fld@listcount=\count321
\c@bookmark@seq@number=\count322

(/usr/share/texlive/texmf-dist/tex/latex/rerunfilecheck/rerunfilecheck.sty
Package: rerunfilecheck 2022-07-10 v1.10 Rerun checks for auxiliary files (HO)

(/usr/share/texlive/texmf-dist/tex/generic/uniquecounter/uniquecounter.sty
Package: uniquecounter 2019/12/15 v1.4 Provide unlimited unique counter (HO)
)
Package uniquecounter Info: New unique counter `rerunfilecheck' on input line 2
85.
)
\Hy@SectionHShift=\skip86
)
(/usr/share/texlive/texmf-dist/tex/latex/oberdiek/hypcap.sty
Package: hypcap 2016/05/16 v1.12 Adjusting the anchors of captions (HO)

(/usr/share/texlive/texmf-dist/tex/latex/letltxmacro/letltxmacro.sty
Package: letltxmacro 2019/12/03 v1.6 Let assignment for LaTeX macros (HO)
))
(./sphinxmessages.sty
Package: sphinxmessages 2019/01/04 v2.0 Localized LaTeX macros (Sphinx team)
)
\@indexfile=\write4
\openout4 = `bioscara.idx'.


Writing index file bioscara.idx
LaTeX Font Info:    Trying to load font information for T1+qtm on input line 74
.
(/usr/share/texmf/tex/latex/tex-gyre/t1qtm.fd
File: t1qtm.fd 2009/09/25 v1.2 font definition file for T1/qtm
)
(/usr/share/texlive/texmf-dist/tex/latex/l3backend/l3backend-pdftex.def
File: l3backend-pdftex.def 2024-01-04 L3 backend support: PDF output (pdfTeX)
\l__color_backend_stack_int=\count323
\l__pdf_internal_box=\box120
)
(./bioscara.aux)
\openout1 = `bioscara.aux'.

LaTeX Font Info:    Checking defaults for OML/cmm/m/it on input line 74.
LaTeX Font Info:    ... okay on input line 74.
LaTeX Font Info:    Checking defaults for OMS/cmsy/m/n on input line 74.
LaTeX Font Info:    ... okay on input line 74.
LaTeX Font Info:    Checking defaults for OT1/cmr/m/n on input line 74.
LaTeX Font Info:    ... okay on input line 74.
LaTeX Font Info:    Checking defaults for T1/cmr/m/n on input line 74.
LaTeX Font Info:    ... okay on input line 74.
LaTeX Font Info:    Checking defaults for TS1/cmr/m/n on input line 74.
LaTeX Font Info:    ... okay on input line 74.
LaTeX Font Info:    Checking defaults for OMX/cmex/m/n on input line 74.
LaTeX Font Info:    ... okay on input line 74.
LaTeX Font Info:    Checking defaults for U/cmr/m/n on input line 74.
LaTeX Font Info:    ... okay on input line 74.
LaTeX Font Info:    Checking defaults for PD1/pdf/m/n on input line 74.
LaTeX Font Info:    ... okay on input line 74.
LaTeX Font Info:    Checking defaults for PU/pdf/m/n on input line 74.
LaTeX Font Info:    ... okay on input line 74.

(/usr/share/texlive/texmf-dist/tex/context/base/mkii/supp-pdf.mkii
[Loading MPS to PDF converter (version 2006.09.02).]
\scratchcounter=\count324
\scratchdimen=\dimen300
\scratchbox=\box121
\nofMPsegments=\count325
\nofMParguments=\count326
\everyMPshowfont=\toks36
\MPscratchCnt=\count327
\MPscratchDim=\dimen301
\MPnumerator=\count328
\makeMPintoPDFobject=\count329
\everyMPtoPDFconversion=\toks37
) (/usr/share/texlive/texmf-dist/tex/latex/epstopdf-pkg/epstopdf-base.sty
Package: epstopdf-base 2020-01-24 v2.11 Base part for package epstopdf
Package epstopdf-base Info: Redefining graphics rule for `.eps' on input line 4
85.

(/usr/share/texlive/texmf-dist/tex/latex/latexconfig/epstopdf-sys.cfg
File: epstopdf-sys.cfg 2010/07/13 v1.3 Configuration of (r)epstopdf for TeX Liv
e
))
\c@literalblock=\count330

*geometry* driver: auto-detecting
*geometry* detected driver: pdftex
*geometry* verbose mode - [ preamble ] result:
* driver: pdftex
* paper: letterpaper
* layout: <same size as paper>
* layoutoffset:(h,v)=(0.0pt,0.0pt)
* modes: twoside 
* h-part:(L,W,R)=(72.26999pt, 469.75502pt, 72.26999pt)
* v-part:(T,H,B)=(72.26999pt, 650.43001pt, 72.26999pt)
* \paperwidth=614.295pt
* \paperheight=794.96999pt
* \textwidth=469.75502pt
* \textheight=650.43001pt
* \oddsidemargin=0.0pt
* \evensidemargin=0.0pt
* \topmargin=-37.0pt
* \headheight=12.0pt
* \headsep=25.0pt
* \topskip=10.0pt
* \footskip=30.0pt
* \marginparwidth=36.135pt
* \marginparsep=11.0pt
* \columnsep=10.0pt
* \skip\footins=9.0pt plus 4.0pt minus 2.0pt
* \hoffset=0.0pt
* \voffset=0.0pt
* \mag=1000
* \@twocolumnfalse
* \@twosidetrue
* \@mparswitchtrue
* \@reversemarginfalse
* (1in=72.27pt=25.4mm, 1cm=28.453pt)

Package hyperref Info: Link coloring ON on input line 74.
(./bioscara.out) (./bioscara.out)
\@outlinefile=\write5
\openout5 = `bioscara.out'.

Package hyperref Info: Option `pageanchor' set `false' on input line 82.
LaTeX Font Info:    Trying to load font information for T1+qhv on input line 82
.
 (/usr/share/texmf/tex/latex/tex-gyre/t1qhv.fd
File: t1qhv.fd 2009/09/25 v1.2 font definition file for T1/qhv
)<<ot1.cmap>><<oml.cmap>><<oms.cmap>><<omx.cmap>>
LaTeX Font Info:    Trying to load font information for U+msa on input line 82.


(/usr/share/texlive/texmf-dist/tex/latex/amsfonts/umsa.fd
File: umsa.fd 2013/01/14 v3.01 AMS symbols A
)
LaTeX Font Info:    Trying to load font information for U+msb on input line 82.


(/usr/share/texlive/texmf-dist/tex/latex/amsfonts/umsb.fd
File: umsb.fd 2013/01/14 v3.01 AMS symbols B
) [1

{/var/lib/texmf/fonts/map/pdftex/updmap/pdftex.map}{/usr/share/texmf/fonts/enc/
dvips/tex-gyre/q-ec.enc}] [2


] (./bioscara.toc)
\tf@toc=\write6
\openout6 = `bioscara.toc'.

 [1

] [2

]
Chapter 1.
LaTeX Font Info:    Trying to load font information for T1+txtt on input line 1
38.
(/usr/share/texlive/texmf-dist/tex/latex/txfonts/t1txtt.fd
File: t1txtt.fd 2000/12/15 v3.1
)
LaTeX Font Info:    Font shape `T1/txtt/b/n' in size <10> not available
(Font)              Font shape `T1/txtt/bx/n' tried instead on input line 138.
<hardware_interface_lifecycle.png, id=53, 6974.80782pt x 4565.80782pt>
File: hardware_interface_lifecycle.png Graphic file (type png)
<use hardware_interface_lifecycle.png>
Package pdftex.def Info: hardware_interface_lifecycle.png  used on input line 1
64.
(pdftex.def)             Requested size: 444.65143pt x 291.0751pt.
File: hardware_interface_lifecycle.png Graphic file (type png)
<use hardware_interface_lifecycle.png>
Package pdftex.def Info: hardware_interface_lifecycle.png  used on input line 1
64.
(pdftex.def)             Requested size: 444.65143pt x 291.0751pt.

Overfull \hbox (444.75499pt too wide) in paragraph at lines 163--165
[][][] 
 []

[1

]
LaTeX Font Info:    Trying to load font information for TS1+qtm on input line 1
84.
 (/usr/share/texmf/tex/latex/tex-gyre/ts1qtm.fd
File: ts1qtm.fd 2009/09/25 v1.2 font definition file for TS1/qtm
) [2{/usr/share/texmf/fonts/enc/dvips/tex-gyre/q-ts1.enc} <./hardware_interface
_lifecycle.png>] [3]
Underfull \hbox (badness 10000) in paragraph at lines 466--470
[]\T1/qtm/m/n/10 If the the hom-ing of a joint has been ac-ti-vated through the
 com-
 []


Underfull \hbox (badness 10000) in paragraph at lines 466--470
\T1/qtm/m/n/10 mand in-ter-face ([][]\T1/qtm/m/it/10 bioscara_hardware_drivers:
:Joint::getCurrentBCmd()[][] \T1/qtm/m/n/10 ==
 []


Underfull \hbox (badness 10000) in paragraph at lines 466--470
[][]\T1/qtm/m/it/10 bioscara_hardware_drivers::Joint::HOME[][]\T1/qtm/m/n/10 ) 
the de-vice sig-nals BUSY
 []


Underfull \hbox (badness 10000) in paragraph at lines 471--474
[]\T1/qtm/m/n/10 If the BUSY flag is re-set while the cur-rent com-mand is stil
l
 []

[4]
Underfull \hbox (badness 6047) in paragraph at lines 591--593
[]\T1/qtm/m/n/10 [ER-ROR] Hom-ing com-mand in-ter-faces may only be de-ac-ti-va
ted if no cur-rent hom-
 []


Underfull \hbox (badness 10000) in paragraph at lines 591--593
\T1/qtm/m/n/10 ing pro-cess is on-go-ing ([][]\T1/qtm/m/it/10 bioscara_hardware
_drivers::Joint::getCurrentBCmd()[][] \T1/qtm/m/n/10 !=
 []

[5]
Underfull \hbox (badness 10000) in paragraph at lines 625--626
[]\T1/qtm/m/n/10 Since this method op-er-ates in non-realtime con-text it must 
not ac-cess crit-i-cal mem-bers
 []


Underfull \hbox (badness 6001) in paragraph at lines 629--631
[]\T1/txtt/bx/n/10 start_interfaces \T1/qtm/m/n/10 ^^U com-mand in-ter-faces th
at should be started in the form
 []


Underfull \hbox (badness 6396) in paragraph at lines 633--635
[]\T1/txtt/bx/n/10 stop_interfaces \T1/qtm/m/n/10 ^^U com-mand in-ter-faces tha
t should be stopped in the form
 []

[6]
Underfull \hbox (badness 6332) in paragraph at lines 868--871
\T1/qtm/m/n/10 Split a in-ter-face string like ^^P<joint_name>/<interface_name>
^^Q to ^^P<joint_name>^^Q and ^^P<in-ter-
 []

[7] [8] [9] [10]
Underfull \hbox (badness 10000) in paragraph at lines 1407--1409
[]\T1/qtm/m/n/10 De-ter-mines how easy it is to stop the mo-tor and thereby pro
-voke a stall. See
 []

[11] [12] [13] [14] [15] [16] [17] [18] [19] [20] [21] [22] [23] [24] [25]
[26] [27] [28] [29] [30] [31] [32] (./bioscara.ind [33] [34

]
Overfull \hbox (111.3715pt too wide) in paragraph at lines 8--10
[]\T1/txtt/m/n/10 bioscara_hardware_drivers::bioscara_hardware_drivers::BaseGri
pper
 []


Overfull \hbox (190.12128pt too wide) in paragraph at lines 10--12
[]\T1/txtt/m/n/10 bioscara_hardware_drivers::bioscara_hardware_drivers::BaseGri
pper::_new_cmd_time
 []


Overfull \hbox (184.87129pt too wide) in paragraph at lines 12--14
[]\T1/txtt/m/n/10 bioscara_hardware_drivers::bioscara_hardware_drivers::BaseGri
pper::~BaseGripper
 []


Overfull \hbox (179.6213pt too wide) in paragraph at lines 14--16
[]\T1/txtt/m/n/10 bioscara_hardware_drivers::bioscara_hardware_drivers::BaseGri
pper::BaseGripper
 []


Overfull \hbox (153.37138pt too wide) in paragraph at lines 16--18
[]\T1/txtt/m/n/10 bioscara_hardware_drivers::bioscara_hardware_drivers::BaseGri
pper::deinit
 []


Overfull \hbox (158.62137pt too wide) in paragraph at lines 18--20
[]\T1/txtt/m/n/10 bioscara_hardware_drivers::bioscara_hardware_drivers::BaseGri
pper::disable
 []


Overfull \hbox (153.37138pt too wide) in paragraph at lines 20--22
[]\T1/txtt/m/n/10 bioscara_hardware_drivers::bioscara_hardware_drivers::BaseGri
pper::enable
 []


Overfull \hbox (179.6213pt too wide) in paragraph at lines 22--24
[]\T1/txtt/m/n/10 bioscara_hardware_drivers::bioscara_hardware_drivers::BaseGri
pper::getPosition
 []


Overfull \hbox (142.87141pt too wide) in paragraph at lines 24--26
[]\T1/txtt/m/n/10 bioscara_hardware_drivers::bioscara_hardware_drivers::BaseGri
pper::init
 []


Overfull \hbox (169.12134pt too wide) in paragraph at lines 26--28
[]\T1/txtt/m/n/10 bioscara_hardware_drivers::bioscara_hardware_drivers::BaseGri
pper::setOffset
 []


Overfull \hbox (179.6213pt too wide) in paragraph at lines 28--30
[]\T1/txtt/m/n/10 bioscara_hardware_drivers::bioscara_hardware_drivers::BaseGri
pper::setPosition
 []


Overfull \hbox (184.87129pt too wide) in paragraph at lines 30--32
[]\T1/txtt/m/n/10 bioscara_hardware_drivers::bioscara_hardware_drivers::BaseGri
pper::setReduction
 []


Overfull \hbox (100.87154pt too wide) in paragraph at lines 32--34
[]\T1/txtt/m/n/10 bioscara_hardware_drivers::bioscara_hardware_drivers::BaseJoi
nt
 []


Overfull \hbox (163.87135pt too wide) in paragraph at lines 34--36
[]\T1/txtt/m/n/10 bioscara_hardware_drivers::bioscara_hardware_drivers::BaseJoi
nt::~BaseJoint
 []


Overfull \hbox (158.62137pt too wide) in paragraph at lines 36--38
[]\T1/txtt/m/n/10 bioscara_hardware_drivers::bioscara_hardware_drivers::BaseJoi
nt::BaseJoint
 []


Overfull \hbox (195.37126pt too wide) in paragraph at lines 38--40
[]\T1/txtt/m/n/10 bioscara_hardware_drivers::bioscara_hardware_drivers::BaseJoi
nt::checkOrientation
 []


Overfull \hbox (142.87141pt too wide) in paragraph at lines 40--42
[]\T1/txtt/m/n/10 bioscara_hardware_drivers::bioscara_hardware_drivers::BaseJoi
nt::deinit
 []


Overfull \hbox (148.1214pt too wide) in paragraph at lines 42--44
[]\T1/txtt/m/n/10 bioscara_hardware_drivers::bioscara_hardware_drivers::BaseJoi
nt::disable
 []


Overfull \hbox (158.62137pt too wide) in paragraph at lines 44--46
[]\T1/txtt/m/n/10 bioscara_hardware_drivers::bioscara_hardware_drivers::BaseJoi
nt::disableCL
 []


Overfull \hbox (142.87141pt too wide) in paragraph at lines 46--48
[]\T1/txtt/m/n/10 bioscara_hardware_drivers::bioscara_hardware_drivers::BaseJoi
nt::enable
 []


Overfull \hbox (195.37126pt too wide) in paragraph at lines 48--50
[]\T1/txtt/m/n/10 bioscara_hardware_drivers::bioscara_hardware_drivers::BaseJoi
nt::enableStallguard
 []


Overfull \hbox (184.87129pt too wide) in paragraph at lines 50--52
[]\T1/txtt/m/n/10 bioscara_hardware_drivers::bioscara_hardware_drivers::BaseJoi
nt::getCurrentBCmd
 []


Overfull \hbox (153.37138pt too wide) in paragraph at lines 52--54
[]\T1/txtt/m/n/10 bioscara_hardware_drivers::bioscara_hardware_drivers::BaseJoi
nt::getFlags
 []


Overfull \hbox (169.12134pt too wide) in paragraph at lines 54--56
[]\T1/txtt/m/n/10 bioscara_hardware_drivers::bioscara_hardware_drivers::BaseJoi
nt::getPosition
 []


Overfull \hbox (169.12134pt too wide) in paragraph at lines 56--58
[]\T1/txtt/m/n/10 bioscara_hardware_drivers::bioscara_hardware_drivers::BaseJoi
nt::getVelocity
 []


Overfull \hbox (132.37144pt too wide) in paragraph at lines 58--60
[]\T1/txtt/m/n/10 bioscara_hardware_drivers::bioscara_hardware_drivers::BaseJoi
nt::home
 []


Overfull \hbox (132.37144pt too wide) in paragraph at lines 60--62
[]\T1/txtt/m/n/10 bioscara_hardware_drivers::bioscara_hardware_drivers::BaseJoi
nt::init
 []


Overfull \hbox (142.87141pt too wide) in paragraph at lines 62--64
[]\T1/txtt/m/n/10 bioscara_hardware_drivers::bioscara_hardware_drivers::BaseJoi
nt::isBusy
 []


Overfull \hbox (158.62137pt too wide) in paragraph at lines 64--66
[]\T1/txtt/m/n/10 bioscara_hardware_drivers::bioscara_hardware_drivers::BaseJoi
nt::isEnabled
 []


Overfull \hbox (148.1214pt too wide) in paragraph at lines 66--68
[]\T1/txtt/m/n/10 bioscara_hardware_drivers::bioscara_hardware_drivers::BaseJoi
nt::isHomed
 []


Overfull \hbox (158.62137pt too wide) in paragraph at lines 68--70
[]\T1/txtt/m/n/10 bioscara_hardware_drivers::bioscara_hardware_drivers::BaseJoi
nt::isStalled
 []


Overfull \hbox (158.62137pt too wide) in paragraph at lines 70--72
[]\T1/txtt/m/n/10 bioscara_hardware_drivers::bioscara_hardware_drivers::BaseJoi
nt::moveSteps
 []


Overfull \hbox (132.37144pt too wide) in paragraph at lines 72--74
[]\T1/txtt/m/n/10 bioscara_hardware_drivers::bioscara_hardware_drivers::BaseJoi
nt::name
 []


Overfull \hbox (163.87135pt too wide) in paragraph at lines 74--76
[]\T1/txtt/m/n/10 bioscara_hardware_drivers::bioscara_hardware_drivers::BaseJoi
nt::postHoming
 []


Overfull \hbox (174.37132pt too wide) in paragraph at lines 76--78
[]\T1/txtt/m/n/10 bioscara_hardware_drivers::bioscara_hardware_drivers::BaseJoi
nt::setBrakeMode
 []


Overfull \hbox (190.12128pt too wide) in paragraph at lines 78--80
[]\T1/txtt/m/n/10 bioscara_hardware_drivers::bioscara_hardware_drivers::BaseJoi
nt::setDriveCurrent
 []


Overfull \hbox (184.87129pt too wide) in paragraph at lines 80--82
[]\T1/txtt/m/n/10 bioscara_hardware_drivers::bioscara_hardware_drivers::BaseJoi
nt::setHoldCurrent
 []


Overfull \hbox (205.87123pt too wide) in paragraph at lines 82--84
[]\T1/txtt/m/n/10 bioscara_hardware_drivers::bioscara_hardware_drivers::BaseJoi
nt::setMaxAcceleration
 []


Overfull \hbox (184.87129pt too wide) in paragraph at lines 84--86
[]\T1/txtt/m/n/10 bioscara_hardware_drivers::bioscara_hardware_drivers::BaseJoi
nt::setMaxVelocity
 []


Overfull \hbox (169.12134pt too wide) in paragraph at lines 86--88
[]\T1/txtt/m/n/10 bioscara_hardware_drivers::bioscara_hardware_drivers::BaseJoi
nt::setPosition
 []


Overfull \hbox (169.12134pt too wide) in paragraph at lines 88--90
[]\T1/txtt/m/n/10 bioscara_hardware_drivers::bioscara_hardware_drivers::BaseJoi
nt::setVelocity
 []


Overfull \hbox (169.12134pt too wide) in paragraph at lines 90--92
[]\T1/txtt/m/n/10 bioscara_hardware_drivers::bioscara_hardware_drivers::BaseJoi
nt::startHoming
 []

[35

]
Overfull \hbox (132.37144pt too wide) in paragraph at lines 92--94
[]\T1/txtt/m/n/10 bioscara_hardware_drivers::bioscara_hardware_drivers::BaseJoi
nt::stop
 []


Overfull \hbox (158.62137pt too wide) in paragraph at lines 94--96
[]\T1/txtt/m/n/10 bioscara_hardware_drivers::bioscara_hardware_drivers::BaseJoi
nt::stp_reg_t
 []


Overfull \hbox (221.62119pt too wide) in paragraph at lines 96--98
[]\T1/txtt/m/n/10 bioscara_hardware_drivers::bioscara_hardware_drivers::BaseJoi
nt::stp_reg_t::ANGLEMOVED
 []


Overfull \hbox (253.1211pt too wide) in paragraph at lines 98--100
[]\T1/txtt/m/n/10 bioscara_hardware_drivers::bioscara_hardware_drivers::BaseJoi
nt::stp_reg_t::CHECKORIENTATION
 []


Overfull \hbox (221.62119pt too wide) in paragraph at lines 100--102
[]\T1/txtt/m/n/10 bioscara_hardware_drivers::bioscara_hardware_drivers::BaseJoi
nt::stp_reg_t::CLEARSTALL
 []


Overfull \hbox (258.37108pt too wide) in paragraph at lines 102--104
[]\T1/txtt/m/n/10 bioscara_hardware_drivers::bioscara_hardware_drivers::BaseJoi
nt::stp_reg_t::DISABLECLOSEDLOOP
 []


Overfull \hbox (221.62119pt too wide) in paragraph at lines 104--106
[]\T1/txtt/m/n/10 bioscara_hardware_drivers::bioscara_hardware_drivers::BaseJoi
nt::stp_reg_t::DISABLEPID
 []


Overfull \hbox (258.37108pt too wide) in paragraph at lines 106--108
[]\T1/txtt/m/n/10 bioscara_hardware_drivers::bioscara_hardware_drivers::BaseJoi
nt::stp_reg_t::DISABLESTALLGUARD
 []


Overfull \hbox (253.1211pt too wide) in paragraph at lines 108--110
[]\T1/txtt/m/n/10 bioscara_hardware_drivers::bioscara_hardware_drivers::BaseJoi
nt::stp_reg_t::ENABLECLOSEDLOOP
 []


Overfull \hbox (216.3712pt too wide) in paragraph at lines 110--112
[]\T1/txtt/m/n/10 bioscara_hardware_drivers::bioscara_hardware_drivers::BaseJoi
nt::stp_reg_t::ENABLEPID
 []


Overfull \hbox (253.1211pt too wide) in paragraph at lines 112--114
[]\T1/txtt/m/n/10 bioscara_hardware_drivers::bioscara_hardware_drivers::BaseJoi
nt::stp_reg_t::ENABLESTALLGUARD
 []


Overfull \hbox (232.12115pt too wide) in paragraph at lines 114--116
[]\T1/txtt/m/n/10 bioscara_hardware_drivers::bioscara_hardware_drivers::BaseJoi
nt::stp_reg_t::GETDRIVERRPM
 []


Overfull \hbox (237.37114pt too wide) in paragraph at lines 116--118
[]\T1/txtt/m/n/10 bioscara_hardware_drivers::bioscara_hardware_drivers::BaseJoi
nt::stp_reg_t::GETENCODERRPM
 []


Overfull \hbox (237.37114pt too wide) in paragraph at lines 118--120
[]\T1/txtt/m/n/10 bioscara_hardware_drivers::bioscara_hardware_drivers::BaseJoi
nt::stp_reg_t::GETMOTORSTATE
 []


Overfull \hbox (226.87117pt too wide) in paragraph at lines 120--122
[]\T1/txtt/m/n/10 bioscara_hardware_drivers::bioscara_hardware_drivers::BaseJoi
nt::stp_reg_t::GETPIDERROR
 []


Overfull \hbox (190.12128pt too wide) in paragraph at lines 122--124
[]\T1/txtt/m/n/10 bioscara_hardware_drivers::bioscara_hardware_drivers::BaseJoi
nt::stp_reg_t::HOME
 []


Overfull \hbox (221.62119pt too wide) in paragraph at lines 124--126
[]\T1/txtt/m/n/10 bioscara_hardware_drivers::bioscara_hardware_drivers::BaseJoi
nt::stp_reg_t::HOMEOFFSET
 []


Overfull \hbox (216.3712pt too wide) in paragraph at lines 126--128
[]\T1/txtt/m/n/10 bioscara_hardware_drivers::bioscara_hardware_drivers::BaseJoi
nt::stp_reg_t::MOVEANGLE
 []


Overfull \hbox (216.3712pt too wide) in paragraph at lines 128--130
[]\T1/txtt/m/n/10 bioscara_hardware_drivers::bioscara_hardware_drivers::BaseJoi
nt::stp_reg_t::MOVESTEPS
 []


Overfull \hbox (226.87117pt too wide) in paragraph at lines 130--132
[]\T1/txtt/m/n/10 bioscara_hardware_drivers::bioscara_hardware_drivers::BaseJoi
nt::stp_reg_t::MOVETOANGLE
 []


Overfull \hbox (216.3712pt too wide) in paragraph at lines 132--134
[]\T1/txtt/m/n/10 bioscara_hardware_drivers::bioscara_hardware_drivers::BaseJoi
nt::stp_reg_t::MOVETOEND
 []


Overfull \hbox (190.12128pt too wide) in paragraph at lines 134--136
[]\T1/txtt/m/n/10 bioscara_hardware_drivers::bioscara_hardware_drivers::BaseJoi
nt::stp_reg_t::NONE
 []


Overfull \hbox (190.12128pt too wide) in paragraph at lines 136--138
[]\T1/txtt/m/n/10 bioscara_hardware_drivers::bioscara_hardware_drivers::BaseJoi
nt::stp_reg_t::PING
 []


Overfull \hbox (226.87117pt too wide) in paragraph at lines 138--140
[]\T1/txtt/m/n/10 bioscara_hardware_drivers::bioscara_hardware_drivers::BaseJoi
nt::stp_reg_t::RUNCOTINOUS
 []


Overfull \hbox (232.12115pt too wide) in paragraph at lines 140--142
[]\T1/txtt/m/n/10 bioscara_hardware_drivers::bioscara_hardware_drivers::BaseJoi
nt::stp_reg_t::SETBRAKEMODE
 []


Overfull \hbox (268.87105pt too wide) in paragraph at lines 142--144
[]\T1/txtt/m/n/10 bioscara_hardware_drivers::bioscara_hardware_drivers::BaseJoi
nt::stp_reg_t::SETCONTROLTHRESHOLD
 []


Overfull \hbox (221.62119pt too wide) in paragraph at lines 144--146
[]\T1/txtt/m/n/10 bioscara_hardware_drivers::bioscara_hardware_drivers::BaseJoi
nt::stp_reg_t::SETCURRENT
 []


Overfull \hbox (242.62112pt too wide) in paragraph at lines 146--148
[]\T1/txtt/m/n/10 bioscara_hardware_drivers::bioscara_hardware_drivers::BaseJoi
nt::stp_reg_t::SETHOLDCURRENT
 []


Overfull \hbox (263.62106pt too wide) in paragraph at lines 148--150
[]\T1/txtt/m/n/10 bioscara_hardware_drivers::bioscara_hardware_drivers::BaseJoi
nt::stp_reg_t::SETMAXACCELERATION
 []


Overfull \hbox (263.62106pt too wide) in paragraph at lines 150--152
[]\T1/txtt/m/n/10 bioscara_hardware_drivers::bioscara_hardware_drivers::BaseJoi
nt::stp_reg_t::SETMAXDECELERATION
 []


Overfull \hbox (242.62112pt too wide) in paragraph at lines 152--154
[]\T1/txtt/m/n/10 bioscara_hardware_drivers::bioscara_hardware_drivers::BaseJoi
nt::stp_reg_t::SETMAXVELOCITY
 []


Overfull \hbox (200.62125pt too wide) in paragraph at lines 154--156
[]\T1/txtt/m/n/10 bioscara_hardware_drivers::bioscara_hardware_drivers::BaseJoi
nt::stp_reg_t::SETRPM
 []


Overfull \hbox (195.37126pt too wide) in paragraph at lines 156--158
[]\T1/txtt/m/n/10 bioscara_hardware_drivers::bioscara_hardware_drivers::BaseJoi
nt::stp_reg_t::SETUP
 []


Overfull \hbox (190.12128pt too wide) in paragraph at lines 158--160
[]\T1/txtt/m/n/10 bioscara_hardware_drivers::bioscara_hardware_drivers::BaseJoi
nt::stp_reg_t::STOP
 []


Overfull \hbox (90.37157pt too wide) in paragraph at lines 160--162
[]\T1/txtt/m/n/10 bioscara_hardware_drivers::bioscara_hardware_drivers::Gripper

 []


Overfull \hbox (137.62143pt too wide) in paragraph at lines 162--164
[]\T1/txtt/m/n/10 bioscara_hardware_drivers::bioscara_hardware_drivers::Gripper
::disable
 []


Overfull \hbox (132.37144pt too wide) in paragraph at lines 164--166
[]\T1/txtt/m/n/10 bioscara_hardware_drivers::bioscara_hardware_drivers::Gripper
::enable
 []


Overfull \hbox (137.62143pt too wide) in paragraph at lines 166--168
[]\T1/txtt/m/n/10 bioscara_hardware_drivers::bioscara_hardware_drivers::Gripper
::Gripper
 []


Overfull \hbox (158.62137pt too wide) in paragraph at lines 168--170
[]\T1/txtt/m/n/10 bioscara_hardware_drivers::bioscara_hardware_drivers::Gripper
::setPosition
 []


Overfull \hbox (79.8716pt too wide) in paragraph at lines 170--172
[]\T1/txtt/m/n/10 bioscara_hardware_drivers::bioscara_hardware_drivers::Joint
 []


Overfull \hbox (121.87148pt too wide) in paragraph at lines 172--174
[]\T1/txtt/m/n/10 bioscara_hardware_drivers::bioscara_hardware_drivers::Joint::
~Joint
 []


Overfull \hbox (127.12146pt too wide) in paragraph at lines 174--176
[]\T1/txtt/m/n/10 bioscara_hardware_drivers::bioscara_hardware_drivers::Joint::
address
 []


Overfull \hbox (174.37132pt too wide) in paragraph at lines 176--178
[]\T1/txtt/m/n/10 bioscara_hardware_drivers::bioscara_hardware_drivers::Joint::
checkOrientation
 []


Overfull \hbox (121.87148pt too wide) in paragraph at lines 178--180
[]\T1/txtt/m/n/10 bioscara_hardware_drivers::bioscara_hardware_drivers::Joint::
deinit
 []


Overfull \hbox (137.62143pt too wide) in paragraph at lines 180--182
[]\T1/txtt/m/n/10 bioscara_hardware_drivers::bioscara_hardware_drivers::Joint::
disableCL
 []


Overfull \hbox (121.87148pt too wide) in paragraph at lines 182--184
[]\T1/txtt/m/n/10 bioscara_hardware_drivers::bioscara_hardware_drivers::Joint::
enable
 []


Overfull \hbox (174.37132pt too wide) in paragraph at lines 184--186
[]\T1/txtt/m/n/10 bioscara_hardware_drivers::bioscara_hardware_drivers::Joint::
enableStallguard
 []


Overfull \hbox (132.37144pt too wide) in paragraph at lines 186--188
[]\T1/txtt/m/n/10 bioscara_hardware_drivers::bioscara_hardware_drivers::Joint::
getFlags
 []


Overfull \hbox (148.1214pt too wide) in paragraph at lines 188--190
[]\T1/txtt/m/n/10 bioscara_hardware_drivers::bioscara_hardware_drivers::Joint::
getPosition
 []


Overfull \hbox (148.1214pt too wide) in paragraph at lines 190--192
[]\T1/txtt/m/n/10 bioscara_hardware_drivers::bioscara_hardware_drivers::Joint::
getVelocity
 []


Overfull \hbox (121.87148pt too wide) in paragraph at lines 192--194
[]\T1/txtt/m/n/10 bioscara_hardware_drivers::bioscara_hardware_drivers::Joint::
handle
 []


Overfull \hbox (111.3715pt too wide) in paragraph at lines 194--196
[]\T1/txtt/m/n/10 bioscara_hardware_drivers::bioscara_hardware_drivers::Joint::
init
 []


Overfull \hbox (116.62149pt too wide) in paragraph at lines 196--198
[]\T1/txtt/m/n/10 bioscara_hardware_drivers::bioscara_hardware_drivers::Joint::
Joint
 []


Overfull \hbox (137.62143pt too wide) in paragraph at lines 198--200
[]\T1/txtt/m/n/10 bioscara_hardware_drivers::bioscara_hardware_drivers::Joint::
moveSteps
 []

[36]
Overfull \hbox (142.87141pt too wide) in paragraph at lines 200--202
[]\T1/txtt/m/n/10 bioscara_hardware_drivers::bioscara_hardware_drivers::Joint::
postHoming
 []


Overfull \hbox (111.3715pt too wide) in paragraph at lines 202--204
[]\T1/txtt/m/n/10 bioscara_hardware_drivers::bioscara_hardware_drivers::Joint::
read
 []


Overfull \hbox (153.37138pt too wide) in paragraph at lines 204--206
[]\T1/txtt/m/n/10 bioscara_hardware_drivers::bioscara_hardware_drivers::Joint::
setBrakeMode
 []


Overfull \hbox (169.12134pt too wide) in paragraph at lines 206--208
[]\T1/txtt/m/n/10 bioscara_hardware_drivers::bioscara_hardware_drivers::Joint::
setDriveCurrent
 []


Overfull \hbox (163.87135pt too wide) in paragraph at lines 208--210
[]\T1/txtt/m/n/10 bioscara_hardware_drivers::bioscara_hardware_drivers::Joint::
setHoldCurrent
 []


Overfull \hbox (184.87129pt too wide) in paragraph at lines 210--212
[]\T1/txtt/m/n/10 bioscara_hardware_drivers::bioscara_hardware_drivers::Joint::
setMaxAcceleration
 []


Overfull \hbox (163.87135pt too wide) in paragraph at lines 212--214
[]\T1/txtt/m/n/10 bioscara_hardware_drivers::bioscara_hardware_drivers::Joint::
setMaxVelocity
 []


Overfull \hbox (148.1214pt too wide) in paragraph at lines 214--216
[]\T1/txtt/m/n/10 bioscara_hardware_drivers::bioscara_hardware_drivers::Joint::
setPosition
 []


Overfull \hbox (148.1214pt too wide) in paragraph at lines 216--218
[]\T1/txtt/m/n/10 bioscara_hardware_drivers::bioscara_hardware_drivers::Joint::
setVelocity
 []


Overfull \hbox (111.3715pt too wide) in paragraph at lines 218--220
[]\T1/txtt/m/n/10 bioscara_hardware_drivers::bioscara_hardware_drivers::Joint::
stop
 []


Overfull \hbox (116.62149pt too wide) in paragraph at lines 220--222
[]\T1/txtt/m/n/10 bioscara_hardware_drivers::bioscara_hardware_drivers::Joint::
write
 []


Overfull \hbox (111.3715pt too wide) in paragraph at lines 222--224
[]\T1/txtt/m/n/10 bioscara_hardware_drivers::bioscara_hardware_drivers::MockGri
pper
 []


Overfull \hbox (179.6213pt too wide) in paragraph at lines 224--226
[]\T1/txtt/m/n/10 bioscara_hardware_drivers::bioscara_hardware_drivers::MockGri
pper::MockGripper
 []


Overfull \hbox (100.87154pt too wide) in paragraph at lines 226--228
[]\T1/txtt/m/n/10 bioscara_hardware_drivers::bioscara_hardware_drivers::MockJoi
nt
 []


Overfull \hbox (195.37126pt too wide) in paragraph at lines 228--230
[]\T1/txtt/m/n/10 bioscara_hardware_drivers::bioscara_hardware_drivers::MockJoi
nt::async_start_time
 []


Overfull \hbox (195.37126pt too wide) in paragraph at lines 230--232
[]\T1/txtt/m/n/10 bioscara_hardware_drivers::bioscara_hardware_drivers::MockJoi
nt::checkOrientation
 []


Overfull \hbox (148.1214pt too wide) in paragraph at lines 232--234
[]\T1/txtt/m/n/10 bioscara_hardware_drivers::bioscara_hardware_drivers::MockJoi
nt::disable
 []


Overfull \hbox (142.87141pt too wide) in paragraph at lines 234--236
[]\T1/txtt/m/n/10 bioscara_hardware_drivers::bioscara_hardware_drivers::MockJoi
nt::enable
 []


Overfull \hbox (158.62137pt too wide) in paragraph at lines 236--238
[]\T1/txtt/m/n/10 bioscara_hardware_drivers::bioscara_hardware_drivers::MockJoi
nt::getDeltaT
 []


Overfull \hbox (153.37138pt too wide) in paragraph at lines 238--240
[]\T1/txtt/m/n/10 bioscara_hardware_drivers::bioscara_hardware_drivers::MockJoi
nt::getFlags
 []


Overfull \hbox (169.12134pt too wide) in paragraph at lines 240--242
[]\T1/txtt/m/n/10 bioscara_hardware_drivers::bioscara_hardware_drivers::MockJoi
nt::getPosition
 []


Overfull \hbox (169.12134pt too wide) in paragraph at lines 242--244
[]\T1/txtt/m/n/10 bioscara_hardware_drivers::bioscara_hardware_drivers::MockJoi
nt::getVelocity
 []


Overfull \hbox (148.1214pt too wide) in paragraph at lines 244--246
[]\T1/txtt/m/n/10 bioscara_hardware_drivers::bioscara_hardware_drivers::MockJoi
nt::isHomed
 []


Overfull \hbox (200.62125pt too wide) in paragraph at lines 246--248
[]\T1/txtt/m/n/10 bioscara_hardware_drivers::bioscara_hardware_drivers::MockJoi
nt::last_set_position
 []


Overfull \hbox (200.62125pt too wide) in paragraph at lines 248--250
[]\T1/txtt/m/n/10 bioscara_hardware_drivers::bioscara_hardware_drivers::MockJoi
nt::last_set_velocity
 []


Overfull \hbox (158.62137pt too wide) in paragraph at lines 250--252
[]\T1/txtt/m/n/10 bioscara_hardware_drivers::bioscara_hardware_drivers::MockJoi
nt::MockJoint
 []


Overfull \hbox (148.1214pt too wide) in paragraph at lines 252--254
[]\T1/txtt/m/n/10 bioscara_hardware_drivers::bioscara_hardware_drivers::MockJoi
nt::op_mode
 []


Overfull \hbox (116.62149pt too wide) in paragraph at lines 254--256
[]\T1/txtt/m/n/10 bioscara_hardware_drivers::bioscara_hardware_drivers::MockJoi
nt::q
 []


Overfull \hbox (121.87148pt too wide) in paragraph at lines 256--258
[]\T1/txtt/m/n/10 bioscara_hardware_drivers::bioscara_hardware_drivers::MockJoi
nt::qd
 []


Overfull \hbox (169.12134pt too wide) in paragraph at lines 258--260
[]\T1/txtt/m/n/10 bioscara_hardware_drivers::bioscara_hardware_drivers::MockJoi
nt::setPosition
 []


Overfull \hbox (169.12134pt too wide) in paragraph at lines 260--262
[]\T1/txtt/m/n/10 bioscara_hardware_drivers::bioscara_hardware_drivers::MockJoi
nt::setVelocity
 []


Overfull \hbox (132.37144pt too wide) in paragraph at lines 262--264
[]\T1/txtt/m/n/10 bioscara_hardware_drivers::bioscara_hardware_drivers::MockJoi
nt::stop
 []


Underfull \hbox (badness 10000) in paragraph at lines 264--265
[]\T1/txtt/m/n/10 bioscara_hardware_drivers::err_type_t \T1/qtm/m/n/10 (\T1/qtm
/m/it/10 C++
 []


Overfull \hbox (27.37175pt too wide) in paragraph at lines 265--267
[]\T1/txtt/m/n/10 bioscara_hardware_drivers::err_type_t::COMM_ERROR
 []


Overfull \hbox (1.12183pt too wide) in paragraph at lines 267--269
[]\T1/txtt/m/n/10 bioscara_hardware_drivers::err_type_t::ERROR
 []


Overfull \hbox (53.62167pt too wide) in paragraph at lines 269--271
[]\T1/txtt/m/n/10 bioscara_hardware_drivers::err_type_t::INCORRECT_STATE
 []


Overfull \hbox (58.87166pt too wide) in paragraph at lines 271--273
[]\T1/txtt/m/n/10 bioscara_hardware_drivers::err_type_t::INVALID_ARGUMENT
 []


Overfull \hbox (32.62173pt too wide) in paragraph at lines 273--275
[]\T1/txtt/m/n/10 bioscara_hardware_drivers::err_type_t::NOT_ENABLED
 []


Overfull \hbox (22.12177pt too wide) in paragraph at lines 275--277
[]\T1/txtt/m/n/10 bioscara_hardware_drivers::err_type_t::NOT_HOMED
 []


Overfull \hbox (16.87178pt too wide) in paragraph at lines 277--279
[]\T1/txtt/m/n/10 bioscara_hardware_drivers::err_type_t::NOT_INIT
 []


Underfull \hbox (badness 10000) in paragraph at lines 279--281
[]\T1/txtt/m/n/10 bioscara_hardware_drivers::err_type_t::OK
 []


Overfull \hbox (11.6218pt too wide) in paragraph at lines 281--283
[]\T1/txtt/m/n/10 bioscara_hardware_drivers::err_type_t::STALLED
 []


Underfull \hbox (badness 10000) in paragraph at lines 283--285
[]\T1/txtt/m/n/10 bioscara_hardware_drivers::error_to_string
 []


Overfull \hbox (232.12115pt too wide) in paragraph at lines 285--287
[]\T1/txtt/m/n/10 bioscara_hardware_interfaces::bioscara_hardware_interfaces::B
ioscaraArmHardwareInterface
 []


Overfull \hbox (295.12097pt too wide) in paragraph at lines 287--289
[]\T1/txtt/m/n/10 bioscara_hardware_interfaces::bioscara_hardware_interfaces::B
ioscaraArmHardwareInterface::_joint_cfg
 []


Overfull \hbox (347.62082pt too wide) in paragraph at lines 289--291
[]\T1/txtt/m/n/10 bioscara_hardware_interfaces::bioscara_hardware_interfaces::B
ioscaraArmHardwareInterface::_joint_command_modes
 []


Overfull \hbox (279.37102pt too wide) in paragraph at lines 291--293
[]\T1/txtt/m/n/10 bioscara_hardware_interfaces::bioscara_hardware_interfaces::B
ioscaraArmHardwareInterface::_joints
 []


Overfull \hbox (368.62076pt too wide) in paragraph at lines 293--295
[]\T1/txtt/m/n/10 bioscara_hardware_interfaces::bioscara_hardware_interfaces::B
ioscaraArmHardwareInterface::_new_joint_command_modes
 []


Overfull \hbox (426.37059pt too wide) in paragraph at lines 295--297
[]\T1/txtt/m/n/10 bioscara_hardware_interfaces::bioscara_hardware_interfaces::B
ioscaraArmHardwareInterface::_ordered_joint_state_interfaces_ptr
 []


Overfull \hbox (316.12091pt too wide) in paragraph at lines 297--299
[]\T1/txtt/m/n/10 bioscara_hardware_interfaces::bioscara_hardware_interfaces::B
ioscaraArmHardwareInterface::activate_joint
 []


Overfull \hbox (326.62088pt too wide) in paragraph at lines 299--301
[]\T1/txtt/m/n/10 bioscara_hardware_interfaces::bioscara_hardware_interfaces::B
ioscaraArmHardwareInterface::deactivate_joint
 []


Overfull \hbox (316.12091pt too wide) in paragraph at lines 301--303
[]\T1/txtt/m/n/10 bioscara_hardware_interfaces::bioscara_hardware_interfaces::B
ioscaraArmHardwareInterface::joint_config_t
 []


Overfull \hbox (394.87068pt too wide) in paragraph at lines 303--305
[]\T1/txtt/m/n/10 bioscara_hardware_interfaces::bioscara_hardware_interfaces::B
ioscaraArmHardwareInterface::joint_config_t::drive_current
 []


Overfull \hbox (389.6207pt too wide) in paragraph at lines 305--307
[]\T1/txtt/m/n/10 bioscara_hardware_interfaces::bioscara_hardware_interfaces::B
ioscaraArmHardwareInterface::joint_config_t::hold_current
 []

[37]
Overfull \hbox (358.12079pt too wide) in paragraph at lines 307--309
[]\T1/txtt/m/n/10 bioscara_hardware_interfaces::bioscara_hardware_interfaces::B
ioscaraArmHardwareInterface::joint_config_t::homing
 []


Overfull \hbox (384.37071pt too wide) in paragraph at lines 309--311
[]\T1/txtt/m/n/10 bioscara_hardware_interfaces::bioscara_hardware_interfaces::B
ioscaraArmHardwareInterface::joint_config_t::i2c_address
 []


Overfull \hbox (342.37083pt too wide) in paragraph at lines 311--313
[]\T1/txtt/m/n/10 bioscara_hardware_interfaces::bioscara_hardware_interfaces::B
ioscaraArmHardwareInterface::joint_config_t::max
 []


Overfull \hbox (410.62064pt too wide) in paragraph at lines 313--315
[]\T1/txtt/m/n/10 bioscara_hardware_interfaces::bioscara_hardware_interfaces::B
ioscaraArmHardwareInterface::joint_config_t::max_acceleration
 []


Overfull \hbox (389.6207pt too wide) in paragraph at lines 315--317
[]\T1/txtt/m/n/10 bioscara_hardware_interfaces::bioscara_hardware_interfaces::B
ioscaraArmHardwareInterface::joint_config_t::max_velocity
 []


Overfull \hbox (342.37083pt too wide) in paragraph at lines 317--319
[]\T1/txtt/m/n/10 bioscara_hardware_interfaces::bioscara_hardware_interfaces::B
ioscaraArmHardwareInterface::joint_config_t::min
 []


Overfull \hbox (373.87074pt too wide) in paragraph at lines 319--321
[]\T1/txtt/m/n/10 bioscara_hardware_interfaces::bioscara_hardware_interfaces::B
ioscaraArmHardwareInterface::joint_config_t::reduction
 []


Overfull \hbox (405.37065pt too wide) in paragraph at lines 321--323
[]\T1/txtt/m/n/10 bioscara_hardware_interfaces::bioscara_hardware_interfaces::B
ioscaraArmHardwareInterface::joint_config_t::stall_threshold
 []


Overfull \hbox (352.8708pt too wide) in paragraph at lines 323--325
[]\T1/txtt/m/n/10 bioscara_hardware_interfaces::bioscara_hardware_interfaces::B
ioscaraArmHardwareInterface::joint_homing_config_t
 []


Overfull \hbox (426.37059pt too wide) in paragraph at lines 325--327
[]\T1/txtt/m/n/10 bioscara_hardware_interfaces::bioscara_hardware_interfaces::B
ioscaraArmHardwareInterface::joint_homing_config_t::acceleration
 []


Overfull \hbox (400.12067pt too wide) in paragraph at lines 327--329
[]\T1/txtt/m/n/10 bioscara_hardware_interfaces::bioscara_hardware_interfaces::B
ioscaraArmHardwareInterface::joint_homing_config_t::current
 []


Overfull \hbox (389.6207pt too wide) in paragraph at lines 329--331
[]\T1/txtt/m/n/10 bioscara_hardware_interfaces::bioscara_hardware_interfaces::B
ioscaraArmHardwareInterface::joint_homing_config_t::speed
 []


Overfull \hbox (410.62064pt too wide) in paragraph at lines 331--333
[]\T1/txtt/m/n/10 bioscara_hardware_interfaces::bioscara_hardware_interfaces::B
ioscaraArmHardwareInterface::joint_homing_config_t::threshold
 []


Overfull \hbox (258.37108pt too wide) in paragraph at lines 333--335
[]\T1/txtt/m/n/10 bioscara_hardware_interfaces::bioscara_hardware_interfaces::B
ioscaraArmHardwareInterface::mtx
 []


Overfull \hbox (300.37096pt too wide) in paragraph at lines 335--337
[]\T1/txtt/m/n/10 bioscara_hardware_interfaces::bioscara_hardware_interfaces::B
ioscaraArmHardwareInterface::on_activate
 []


Overfull \hbox (295.12097pt too wide) in paragraph at lines 337--339
[]\T1/txtt/m/n/10 bioscara_hardware_interfaces::bioscara_hardware_interfaces::B
ioscaraArmHardwareInterface::on_cleanup
 []


Overfull \hbox (305.62094pt too wide) in paragraph at lines 339--341
[]\T1/txtt/m/n/10 bioscara_hardware_interfaces::bioscara_hardware_interfaces::B
ioscaraArmHardwareInterface::on_configure
 []


Overfull \hbox (310.87093pt too wide) in paragraph at lines 341--343
[]\T1/txtt/m/n/10 bioscara_hardware_interfaces::bioscara_hardware_interfaces::B
ioscaraArmHardwareInterface::on_deactivate
 []


Overfull \hbox (284.621pt too wide) in paragraph at lines 343--345
[]\T1/txtt/m/n/10 bioscara_hardware_interfaces::bioscara_hardware_interfaces::B
ioscaraArmHardwareInterface::on_error
 []


Overfull \hbox (279.37102pt too wide) in paragraph at lines 345--347
[]\T1/txtt/m/n/10 bioscara_hardware_interfaces::bioscara_hardware_interfaces::B
ioscaraArmHardwareInterface::on_init
 []


Overfull \hbox (300.37096pt too wide) in paragraph at lines 347--349
[]\T1/txtt/m/n/10 bioscara_hardware_interfaces::bioscara_hardware_interfaces::B
ioscaraArmHardwareInterface::on_shutdown
 []


Overfull \hbox (384.37071pt too wide) in paragraph at lines 349--351
[]\T1/txtt/m/n/10 bioscara_hardware_interfaces::bioscara_hardware_interfaces::B
ioscaraArmHardwareInterface::perform_command_mode_switch
 []


Overfull \hbox (384.37071pt too wide) in paragraph at lines 351--353
[]\T1/txtt/m/n/10 bioscara_hardware_interfaces::bioscara_hardware_interfaces::B
ioscaraArmHardwareInterface::prepare_command_mode_switch
 []


Overfull \hbox (263.62106pt too wide) in paragraph at lines 353--355
[]\T1/txtt/m/n/10 bioscara_hardware_interfaces::bioscara_hardware_interfaces::B
ioscaraArmHardwareInterface::read
 []


Overfull \hbox (452.62051pt too wide) in paragraph at lines 355--357
[]\T1/txtt/m/n/10 bioscara_hardware_interfaces::bioscara_hardware_interfaces::B
ioscaraArmHardwareInterface::split_interface_string_to_joint_and_name
 []


Overfull \hbox (305.62094pt too wide) in paragraph at lines 357--359
[]\T1/txtt/m/n/10 bioscara_hardware_interfaces::bioscara_hardware_interfaces::B
ioscaraArmHardwareInterface::start_homing
 []


Overfull \hbox (300.37096pt too wide) in paragraph at lines 359--361
[]\T1/txtt/m/n/10 bioscara_hardware_interfaces::bioscara_hardware_interfaces::B
ioscaraArmHardwareInterface::stop_homing
 []


Overfull \hbox (268.87105pt too wide) in paragraph at lines 361--363
[]\T1/txtt/m/n/10 bioscara_hardware_interfaces::bioscara_hardware_interfaces::B
ioscaraArmHardwareInterface::write
 []


Overfull \hbox (253.1211pt too wide) in paragraph at lines 363--365
[]\T1/txtt/m/n/10 bioscara_hardware_interfaces::bioscara_hardware_interfaces::B
ioscaraGripperHardwareInterface
 []


Overfull \hbox (305.62094pt too wide) in paragraph at lines 365--367
[]\T1/txtt/m/n/10 bioscara_hardware_interfaces::bioscara_hardware_interfaces::B
ioscaraGripperHardwareInterface::_gripper
 []


Overfull \hbox (326.62088pt too wide) in paragraph at lines 367--369
[]\T1/txtt/m/n/10 bioscara_hardware_interfaces::bioscara_hardware_interfaces::B
ioscaraGripperHardwareInterface::_gripper_cfg
 []


Overfull \hbox (310.87093pt too wide) in paragraph at lines 369--371
[]\T1/txtt/m/n/10 bioscara_hardware_interfaces::bioscara_hardware_interfaces::B
ioscaraGripperHardwareInterface::_last_pos
 []


Overfull \hbox (284.621pt too wide) in paragraph at lines 371--373
[]\T1/txtt/m/n/10 bioscara_hardware_interfaces::bioscara_hardware_interfaces::B
ioscaraGripperHardwareInterface::_vel
 []


Overfull \hbox (347.62082pt too wide) in paragraph at lines 373--375
[]\T1/txtt/m/n/10 bioscara_hardware_interfaces::bioscara_hardware_interfaces::B
ioscaraGripperHardwareInterface::gripper_config_t
 []


Overfull \hbox (400.12067pt too wide) in paragraph at lines 375--377
[]\T1/txtt/m/n/10 bioscara_hardware_interfaces::bioscara_hardware_interfaces::B
ioscaraGripperHardwareInterface::gripper_config_t::init_pos
 []


Overfull \hbox (373.87074pt too wide) in paragraph at lines 377--379
[]\T1/txtt/m/n/10 bioscara_hardware_interfaces::bioscara_hardware_interfaces::B
ioscaraGripperHardwareInterface::gripper_config_t::max
 []


Overfull \hbox (373.87074pt too wide) in paragraph at lines 379--381
[]\T1/txtt/m/n/10 bioscara_hardware_interfaces::bioscara_hardware_interfaces::B
ioscaraGripperHardwareInterface::gripper_config_t::min
 []


Overfull \hbox (389.6207pt too wide) in paragraph at lines 381--383
[]\T1/txtt/m/n/10 bioscara_hardware_interfaces::bioscara_hardware_interfaces::B
ioscaraGripperHardwareInterface::gripper_config_t::offset
 []


Overfull \hbox (405.37065pt too wide) in paragraph at lines 383--385
[]\T1/txtt/m/n/10 bioscara_hardware_interfaces::bioscara_hardware_interfaces::B
ioscaraGripperHardwareInterface::gripper_config_t::reduction
 []


Overfull \hbox (321.3709pt too wide) in paragraph at lines 385--387
[]\T1/txtt/m/n/10 bioscara_hardware_interfaces::bioscara_hardware_interfaces::B
ioscaraGripperHardwareInterface::on_activate
 []


Overfull \hbox (316.12091pt too wide) in paragraph at lines 387--389
[]\T1/txtt/m/n/10 bioscara_hardware_interfaces::bioscara_hardware_interfaces::B
ioscaraGripperHardwareInterface::on_cleanup
 []


Overfull \hbox (326.62088pt too wide) in paragraph at lines 389--391
[]\T1/txtt/m/n/10 bioscara_hardware_interfaces::bioscara_hardware_interfaces::B
ioscaraGripperHardwareInterface::on_configure
 []


Overfull \hbox (331.87086pt too wide) in paragraph at lines 391--393
[]\T1/txtt/m/n/10 bioscara_hardware_interfaces::bioscara_hardware_interfaces::B
ioscaraGripperHardwareInterface::on_deactivate
 []


Overfull \hbox (305.62094pt too wide) in paragraph at lines 393--395
[]\T1/txtt/m/n/10 bioscara_hardware_interfaces::bioscara_hardware_interfaces::B
ioscaraGripperHardwareInterface::on_error
 []


Overfull \hbox (300.37096pt too wide) in paragraph at lines 395--397
[]\T1/txtt/m/n/10 bioscara_hardware_interfaces::bioscara_hardware_interfaces::B
ioscaraGripperHardwareInterface::on_init
 []


Overfull \hbox (321.3709pt too wide) in paragraph at lines 397--399
[]\T1/txtt/m/n/10 bioscara_hardware_interfaces::bioscara_hardware_interfaces::B
ioscaraGripperHardwareInterface::on_shutdown
 []


Overfull \hbox (284.621pt too wide) in paragraph at lines 399--401
[]\T1/txtt/m/n/10 bioscara_hardware_interfaces::bioscara_hardware_interfaces::B
ioscaraGripperHardwareInterface::read
 []


Overfull \hbox (289.87099pt too wide) in paragraph at lines 401--403
[]\T1/txtt/m/n/10 bioscara_hardware_interfaces::bioscara_hardware_interfaces::B
ioscaraGripperHardwareInterface::write
 []


Underfull \hbox (badness 10000) in paragraph at lines 403--404
[]\T1/txtt/m/n/10 bioscara_hardware_interfaces::HW_IF_HOME
 []

[38]) (./bioscara.aux)
 ***********
LaTeX2e <2023-11-01> patch level 1
L3 programming layer <2024-01-22>
 ***********
Package rerunfilecheck Info: File `bioscara.out' has not changed.
(rerunfilecheck)             Checksum: 1975014B474EE7F1F9FDF9D571CA69C6;673.
 ) 
Here is how much of TeX's memory you used:
 18759 strings out of 476182
 429037 string characters out of 5795595
 1941975 words of memory out of 5000000
 39375 multiletter control sequences out of 15000+600000
 608639 words of font info for 75 fonts, out of 8000000 for 9000
 15 hyphenation exceptions out of 8191
 72i,15n,83p,2319b,882s stack positions out of 10000i,1000n,20000p,200000b,200000s
</usr/share/texlive/texmf-dist/fonts/type1/public/amsfonts/cm/cmmi10.pfb></us
r/share/texlive/texmf-dist/fonts/type1/public/amsfonts/cm/cmr10.pfb></usr/share
/texlive/texmf-dist/fonts/type1/public/amsfonts/cm/cmr7.pfb></usr/share/texlive
/texmf-dist/fonts/type1/public/amsfonts/cm/cmsy10.pfb></usr/share/texmf/fonts/t
ype1/public/tex-gyre/qhvb.pfb></usr/share/texmf/fonts/type1/public/tex-gyre/qhv
r.pfb></usr/share/texmf/fonts/type1/public/tex-gyre/qtmb.pfb></usr/share/texmf/
fonts/type1/public/tex-gyre/qtmr.pfb></usr/share/texmf/fonts/type1/public/tex-g
yre/qtmri.pfb></usr/share/texlive/texmf-dist/fonts/type1/public/txfonts/t1xbtt.
pfb></usr/share/texlive/texmf-dist/fonts/type1/public/txfonts/t1xtt.pfb>
Output written on bioscara.pdf (42 pages, 1564474 bytes).
PDF statistics:
 1955 PDF objects out of 2073 (max. 8388607)
 1807 compressed objects within 19 object streams
 1012 named destinations out of 1200 (max. 500000)
 66 words of extra memory for PDF output out of 10000 (max. 10000000)

